[ableproadmin.com/application/cust_customer_list.html]
[backblue.gif]
[fade.gif]
[index.html]
[ableproadmin.com/assets/fonts/inter/inter.css]
[ableproadmin.com/assets/fonts/tabler-icons.min.css]
[ableproadmin.com/assets/fonts/feather.css]
[ableproadmin.com/assets/fonts/fontawesome.css]
[ableproadmin.com/assets/fonts/material.css]
[ableproadmin.com/assets/css/style.css]
[ableproadmin.com/assets/css/style-preset.css]
[pt.wisernotify.com/pixel6d4c.js]
[ableproadmin.com/assets/images/user/avatar-1.jpg]
[ableproadmin.com/application/calendar.html]
[ableproadmin.com/application/chat.html]
[ableproadmin.com/application/ecom_product.html]
[ableproadmin.com/application/ecom_product-details.html]
[ableproadmin.com/application/ecom_product-list.html]
[ableproadmin.com/application/ecom_product-add.html]
[ableproadmin.com/application/ecom_checkout.html]
[ableproadmin.com/application/file-manager.html]
[ableproadmin.com/application/invoice.html]
[ableproadmin.com/application/invoice-create.html]
[ableproadmin.com/application/invoice-view.html]
[ableproadmin.com/application/invoice-list.html]
[ableproadmin.com/application/invoice-edit.html]
[ableproadmin.com/application/mail.html]
[ableproadmin.com/application/account-profile.html]
[ableproadmin.com/application/social-media.html]
[ableproadmin.com/assets/images/user/avatar-2.jpg]
[ableproadmin.com/assets/images/layout/img-profile-card.jpg]
[ableproadmin.com/assets/images/user/avatar-3.jpg]
[ableproadmin.com/assets/images/user/avatar-4.jpg]
[ableproadmin.com/assets/images/user/avatar-5.jpg]
[ableproadmin.com/assets/images/layout/img-announcement-1.png]
[ableproadmin.com/assets/images/layout/img-announcement-2.png]
[ableproadmin.com/assets/images/layout/img-announcement-3.png]
[ableproadmin.com/assets/images/layout/img-announcement-4.png]
[ableproadmin.com/assets/images/user/avatar-6.jpg]
[ableproadmin.com/assets/images/user/avatar-7.jpg]
[ableproadmin.com/assets/images/user/avatar-8.jpg]
[ableproadmin.com/assets/images/user/avatar-9.jpg]
[ableproadmin.com/cdn-cgi/scripts/5c5dd728/cloudflare-static/email-decode.min.js]
[ableproadmin.com/assets/js/plugins/popper.min.js]
[ableproadmin.com/assets/js/plugins/simplebar.min.js]
[ableproadmin.com/assets/js/plugins/bootstrap.min.js]
[ableproadmin.com/assets/js/fonts/custom-font.js]
[ableproadmin.com/assets/js/pcoded.js]
[ableproadmin.com/assets/js/plugins/feather.min.js]
[ableproadmin.com/application/cust_customer_list.html]
[ableproadmin.com/assets/js/plugins/simple-datatables.js]
[ableproadmin.com/assets/fonts/inter/Inter-roman.var32a8.woff2]
[ableproadmin.com/assets/fonts/inter/Inter-italic.var32a8.woff2]
[ableproadmin.com/assets/fonts/inter/inter.css]
[ableproadmin.com/assets/fonts/tabler/tabler-icons.eot]
[ableproadmin.com/assets/fonts/tabler/tabler-iconsd41d.eot]
[ableproadmin.com/assets/fonts/tabler/tabler-icons.woff2]
[ableproadmin.com/assets/fonts/tabler/tabler-icons.woff]
[ableproadmin.com/assets/fonts/tabler/tabler-icons.ttf]
[ableproadmin.com/assets/fonts/tabler-icons.min.css]
[ableproadmin.com/assets/fonts/tabler/tabler-icons.svg]
[ableproadmin.com/assets/fonts/feather/feathere8ab.eot]
[ableproadmin.com/assets/fonts/feather/feathere8ab.woff]
[ableproadmin.com/assets/fonts/feather/feathere8ab.ttf]
[ableproadmin.com/assets/fonts/feather.css]
[ableproadmin.com/assets/fonts/feather/feathere8ab.svg]
[ableproadmin.com/assets/fonts/fontawesome/fa-regular-400.eot]
[ableproadmin.com/assets/fonts/fontawesome/fa-regular-400d41d.eot]
[ableproadmin.com/assets/fonts/fontawesome/fa-regular-400.woff2]
[ableproadmin.com/assets/fonts/fontawesome/fa-regular-400.woff]
[ableproadmin.com/assets/fonts/fontawesome/fa-regular-400.ttf]
[ableproadmin.com/assets/fonts/fontawesome/fa-regular-400.svg]
[ableproadmin.com/assets/fonts/fontawesome/fa-solid-900.eot]
[ableproadmin.com/assets/fonts/fontawesome/fa-solid-900d41d.eot]
[ableproadmin.com/assets/fonts/fontawesome/fa-solid-900.woff2]
[ableproadmin.com/assets/fonts/fontawesome/fa-solid-900.woff]
[ableproadmin.com/assets/fonts/fontawesome/fa-solid-900.ttf]
[ableproadmin.com/assets/fonts/fontawesome/fa-solid-900.svg]
[ableproadmin.com/assets/fonts/fontawesome/fa-brands-400.eot]
[ableproadmin.com/assets/fonts/fontawesome/fa-brands-400d41d.eot]
[ableproadmin.com/assets/fonts/fontawesome/fa-brands-400.woff2]
[ableproadmin.com/assets/fonts/fontawesome/fa-brands-400.woff]
[ableproadmin.com/assets/fonts/fontawesome/fa-brands-400.ttf]
[ableproadmin.com/assets/fonts/fontawesome.css]
[ableproadmin.com/assets/fonts/fontawesome/fa-brands-400.svg]
[ableproadmin.com/assets/fonts/material/material.woff2]
[ableproadmin.com/assets/fonts/material.css]
[ableproadmin.com/assets/fonts/phosphor/duotone/style.css]
[ableproadmin.com/assets/images/authentication/img-auth-bg.jpg]
[ableproadmin.com/assets/images/pages/img-cunstruct-1-bg.png]
[ableproadmin.com/assets/images/application/img-cal-bg.jpg]
[ableproadmin.com/assets/css/style.css]
[ableproadmin.com/assets/css/style-preset.css]
[ableproadmin.com/assets/js/plugins/sweetalert2.all.min.js]
[ableproadmin.com/application/calendar.html]
[ableproadmin.com/application/chat.html]
[ableproadmin.com/assets/js/pages/calendar.js]
[ableproadmin.com/assets/js/plugins/index.global.min.js]
[ableproadmin.com/assets/images/application/img-prod-1.jpg]
[ableproadmin.com/assets/images/application/img-prod-2.jpg]
[ableproadmin.com/assets/images/application/img-prod-3.jpg]
[ableproadmin.com/assets/images/application/img-prod-4.jpg]
[ableproadmin.com/assets/images/application/img-prod-5.jpg]
[ableproadmin.com/assets/images/application/img-prod-6.jpg]
[ableproadmin.com/assets/images/application/img-prod-7.jpg]
[ableproadmin.com/assets/images/application/img-prod-8.jpg]
[ableproadmin.com/application/ecom_product.html]
[ableproadmin.com/application/ecom_product-details.html]
[ableproadmin.com/application/ecom_product-list.html]
[ableproadmin.com/application/ecom_product-add.html]
[ableproadmin.com/assets/images/application/img-pay-card-bg.png]
[ableproadmin.com/assets/images/application/mastercard.png]
[ableproadmin.com/assets/images/application/visa.png]
[ableproadmin.com/assets/images/application/card.png]
[ableproadmin.com/assets/images/application/paypal.png]
[ableproadmin.com/assets/images/application/img-coupon.png]
[ableproadmin.com/assets/images/application/img-coupon-1.png]
[ableproadmin.com/assets/images/application/img-coupon-2.png]
[ableproadmin.com/application/ecom_checkout.html]
[ableproadmin.com/assets/css/plugins/uppy.min.css]
[ableproadmin.com/assets/images/application/img-file-imgview.jpg]
[ableproadmin.com/application/file-manager.html]
[ableproadmin.com/assets/images/user/avatar-10.jpg]
[ableproadmin.com/assets/js/plugins/apexcharts.min.js]
[ableproadmin.com/assets/js/plugins/uppy.min.js]
[ableproadmin.com/application/invoice.html]
[ableproadmin.com/application/invoice-create.html]
[ableproadmin.com/application/invoice-view.html]
[ableproadmin.com/assets/js/pages/invoice-dashboard.js]
[ableproadmin.com/assets/css/plugins/style.css]
[ableproadmin.com/application/invoice-list.html]
[ableproadmin.com/application/invoice-edit.html]
[ableproadmin.com/assets/js/pages/invoice-list.js]
[ableproadmin.com/assets/css/plugins/dragula.min.css]
[ableproadmin.com/assets/css/plugins/quill.core.css]
[ableproadmin.com/assets/css/plugins/quill.snow.css]
[ableproadmin.com/assets/css/plugins/quill.bubble.css]
[ableproadmin.com/assets/images/application/img-empty-mail.png]
[ableproadmin.com/application/mail.html]
[ableproadmin.com/application/account-profile.html]
[ableproadmin.com/assets/js/plugins/quill.min.js]
[ableproadmin.com/assets/images/application/img-profile-cover.jpg]
[ableproadmin.com/assets/images/application/img-story-1.jpg]
[ableproadmin.com/assets/images/application/img-story-2.jpg]
[ableproadmin.com/assets/images/application/img-story-3.jpg]
[ableproadmin.com/assets/images/application/img-story-4.jpg]
[ableproadmin.com/assets/images/application/img-story-5.jpg]
[ableproadmin.com/assets/images/application/img-story-6.jpg]
[ableproadmin.com/assets/images/application/img-post-1.jpg]
[ableproadmin.com/assets/images/application/img-post-2.jpg]
[ableproadmin.com/assets/images/application/img-post-3.jpg]
[ableproadmin.com/assets/images/application/img-post-4.jpg]
[ableproadmin.com/assets/images/application/img-post-5.jpg]
[ableproadmin.com/assets/images/application/img-post-6.jpg]
[ableproadmin.com/assets/images/application/img-gallery-1.jpg]
[ableproadmin.com/assets/images/application/img-gallery-2.jpg]
[ableproadmin.com/assets/images/application/img-gallery-3.jpg]
[ableproadmin.com/assets/images/application/img-gallery-4.jpg]
[ableproadmin.com/assets/images/application/img-gallery-5.jpg]
[ableproadmin.com/assets/images/application/img-gallery-6.jpg]
[ableproadmin.com/assets/images/application/img-gallery-7.jpg]
[ableproadmin.com/assets/images/application/img-gallery-8.jpg]
[ableproadmin.com/assets/images/application/img-event-bg.jpg]
[ableproadmin.com/application/social-media.html]
[ableproadmin.com/assets/fonts/tabler/tabler-icons.svg]
[ableproadmin.com/assets/fonts/feather/feathere8ab.svg]
[ableproadmin.com/assets/fonts/fontawesome/fa-regular-400.svg]
[ableproadmin.com/assets/fonts/fontawesome/fa-solid-900.svg]
[ableproadmin.com/assets/fonts/fontawesome/fa-brands-400.svg]
[ableproadmin.com/assets/fonts/phosphor/duotone/Phosphor-Duotone.ttf]
[ableproadmin.com/assets/fonts/phosphor/duotone/Phosphor-Duotone.woff]
[ableproadmin.com/assets/fonts/phosphor/duotone/style.css]
[ableproadmin.com/assets/css/plugins/uppy.min.css]
[ableproadmin.com/assets/css/plugins/style.css]
[ableproadmin.com/assets/css/plugins/dragula.min.css]
[ableproadmin.com/assets/css/plugins/quill.core.css]
[ableproadmin.com/assets/css/plugins/quill.snow.css]
[ableproadmin.com/assets/css/plugins/quill.bubble.css]
[ableproadmin.com/assets/fonts/phosphor/duotone/Phosphor-Duotone.svg]
[ableproadmin.com/assets/fonts/phosphor/duotone/Phosphor-Duotone.svg]
