[backblue.gif]
[fade.gif]
[index.html]
[file/D_/dev/web_travel/public/form/ableproadmin.com/forms/editor-classic.html]
[file/D_/dev/web_travel/public/form/ableproadmin.com/assets/fonts/inter/inter.css]
[file/D_/dev/web_travel/public/form/ableproadmin.com/assets/fonts/tabler-icons.min.css]
[file/D_/dev/web_travel/public/form/ableproadmin.com/assets/images/user/avatar-1.jpg]
[file/D_/dev/web_travel/public/form/ableproadmin.com/assets/fonts/feather.css]
[file/D_/dev/web_travel/public/form/ableproadmin.com/assets/fonts/fontawesome.css]
[file/D_/dev/web_travel/public/form/ableproadmin.com/assets/images/user/avatar-2.jpg]
[file/D_/dev/web_travel/public/form/ableproadmin.com/assets/images/layout/img-profile-card.jpg]
[file/D_/dev/web_travel/public/form/ableproadmin.com/assets/fonts/material.css]
[file/D_/dev/web_travel/public/form/ableproadmin.com/assets/images/user/avatar-3.jpg]
[file/D_/dev/web_travel/public/form/ableproadmin.com/assets/images/user/avatar-4.jpg]
[file/D_/dev/web_travel/public/form/ableproadmin.com/assets/images/user/avatar-5.jpg]
[file/D_/dev/web_travel/public/form/ableproadmin.com/assets/images/layout/img-announcement-1.png]
[file/D_/dev/web_travel/public/form/ableproadmin.com/assets/images/layout/img-announcement-2.png]
[file/D_/dev/web_travel/public/form/ableproadmin.com/assets/images/layout/img-announcement-3.png]
[file/D_/dev/web_travel/public/form/ableproadmin.com/assets/images/layout/img-announcement-4.png]
[file/D_/dev/web_travel/public/form/ckeditor.com/docs/ckeditor5/latest/assets/img/volcano.jpg]
[file/D_/dev/web_travel/public/form/ableproadmin.com/assets/css/style.css]
[file/D_/dev/web_travel/public/form/ableproadmin.com/assets/fonts/tabler/tabler-icons.eot]
[file/D_/dev/web_travel/public/form/ableproadmin.com/assets/fonts/tabler/tabler-icons.woff2]
[file/D_/dev/web_travel/public/form/ableproadmin.com/assets/css/style-preset.css]
[file/D_/dev/web_travel/public/form/ableproadmin.com/assets/fonts/tabler/tabler-icons.woff]
[file/D_/dev/web_travel/public/form/ableproadmin.com/assets/fonts/tabler/tabler-icons.ttf]
[file/D_/dev/web_travel/public/form/ableproadmin.com/forms/form_elements.html]
[file/D_/dev/web_travel/public/form/ableproadmin.com/forms/form_floating.html]
[file/D_/dev/web_travel/public/form/ableproadmin.com/forms/form2_basic.html]
[file/D_/dev/web_travel/public/form/ableproadmin.com/assets/fonts/fontawesome/fa-regular-400.eot]
[file/D_/dev/web_travel/public/form/ableproadmin.com/assets/fonts/fontawesome/fa-regular-400.woff2]
[file/D_/dev/web_travel/public/form/ableproadmin.com/forms/form2_input_group.html]
[file/D_/dev/web_travel/public/form/ableproadmin.com/assets/fonts/fontawesome/fa-regular-400.woff]
[file/D_/dev/web_travel/public/form/ableproadmin.com/assets/fonts/fontawesome/fa-regular-400.ttf]
[file/D_/dev/web_travel/public/form/ableproadmin.com/assets/fonts/fontawesome/fa-solid-900.eot]
[file/D_/dev/web_travel/public/form/ableproadmin.com/assets/fonts/fontawesome/fa-solid-900.woff2]
[file/D_/dev/web_travel/public/form/ableproadmin.com/assets/fonts/fontawesome/fa-solid-900.woff]
[file/D_/dev/web_travel/public/form/ableproadmin.com/forms/form2_checkbox.html]
[file/D_/dev/web_travel/public/form/ableproadmin.com/assets/fonts/fontawesome/fa-solid-900.ttf]
[file/D_/dev/web_travel/public/form/ableproadmin.com/assets/fonts/fontawesome/fa-brands-400.eot]
[file/D_/dev/web_travel/public/form/ableproadmin.com/assets/fonts/fontawesome/fa-brands-400.woff2]
[file/D_/dev/web_travel/public/form/ableproadmin.com/forms/form2_radio.html]
[file/D_/dev/web_travel/public/form/ableproadmin.com/assets/fonts/fontawesome/fa-brands-400.woff]
[file/D_/dev/web_travel/public/form/ableproadmin.com/assets/fonts/fontawesome/fa-brands-400.ttf]
[file/D_/dev/web_travel/public/form/ableproadmin.com/assets/fonts/material/material.woff2]
[file/D_/dev/web_travel/public/form/ableproadmin.com/forms/form2_switch.html]
[file/D_/dev/web_travel/public/form/ableproadmin.com/assets/images/authentication/img-auth-bg.jpg]
[file/D_/dev/web_travel/public/form/ableproadmin.com/assets/images/pages/img-cunstruct-1-bg.png]
[file/D_/dev/web_travel/public/form/ableproadmin.com/assets/images/application/img-cal-bg.jpg]
[file/D_/dev/web_travel/public/form/ableproadmin.com/forms/form2_megaoption.html]
[file/D_/dev/web_travel/public/form/ableproadmin.com/forms/form2_datepicker.html]
[file/D_/dev/web_travel/public/form/ableproadmin.com/forms/form2_daterangepicker.html]
[file/D_/dev/web_travel/public/form/ableproadmin.com/forms/form2_timepicker.html]
[file/D_/dev/web_travel/public/form/ableproadmin.com/forms/form2_choices.html]
[file/D_/dev/web_travel/public/form/ableproadmin.com/forms/form2_rating.html]
[file/D_/dev/web_travel/public/form/ableproadmin.com/forms/form2_recaptcha.html]
[file/D_/dev/web_travel/public/form/ableproadmin.com/forms/form2_inputmask.html]
[file/D_/dev/web_travel/public/form/ableproadmin.com/forms/form2_clipboard.html]
[file/D_/dev/web_travel/public/form/ableproadmin.com/forms/form2_nouislider.html]
[file/D_/dev/web_travel/public/form/ableproadmin.com/forms/form2_switchjs.html]
[file/D_/dev/web_travel/public/form/ableproadmin.com/forms/form2_typeahead.html]
[file/D_/dev/web_travel/public/form/ableproadmin.com/forms/form2_tinymce.html]
[file/D_/dev/web_travel/public/form/www.tiny.cloud/images/glyph-tinymce@2x.png]
[file/D_/dev/web_travel/public/form/ableproadmin.com/forms/form2_quill.html]
[file/D_/dev/web_travel/public/form/ableproadmin.com/forms/editor-document.html]
[file/D_/dev/web_travel/public/form/ableproadmin.com/forms/editor-inline.html]
[file/D_/dev/web_travel/public/form/ckeditor.com/docs/ckeditor5/latest/assets/img/malta.jpg]
[file/D_/dev/web_travel/public/form/ableproadmin.com/forms/editor-balloon.html]
[file/D_/dev/web_travel/public/form/ableproadmin.com/forms/form2_markdown.html]
[file/D_/dev/web_travel/public/form/ableproadmin.com/forms/form2_lay-default.html]
[file/D_/dev/web_travel/public/form/ableproadmin.com/forms/form2_lay-multicolumn.html]
[file/D_/dev/web_travel/public/form/ableproadmin.com/forms/form2_lay-actionbars.html]
[file/D_/dev/web_travel/public/form/ableproadmin.com/forms/form2_lay-stickyactionbars.html]
[file/D_/dev/web_travel/public/form/ableproadmin.com/forms/file-upload.html]
[file/D_/dev/web_travel/public/form/ableproadmin.com/forms/form2_flu-uppy.html]
[file/D_/dev/web_travel/public/form/ableproadmin.com/forms/form2_wizard.html]
[file/D_/dev/web_travel/public/form/ableproadmin.com/forms/form-validation.html]
[file/D_/dev/web_travel/public/form/ableproadmin.com/assets/images/application/img-prod-3.jpg]
[file/D_/dev/web_travel/public/form/ableproadmin.com/forms/image_crop.html]
[file/D_/dev/web_travel/public/form/ableproadmin.com/assets/images/light-box/l1.jpg]
[file/D_/dev/web_travel/public/form/ableproadmin.com/assets/js/plugins/popper.min.js]
[file/D_/dev/web_travel/public/form/ableproadmin.com/assets/js/plugins/simplebar.min.js]
[file/D_/dev/web_travel/public/form/ableproadmin.com/assets/js/plugins/bootstrap.min.js]
[file/D_/dev/web_travel/public/form/ableproadmin.com/assets/js/fonts/custom-font.js]
[file/D_/dev/web_travel/public/form/ableproadmin.com/assets/js/pcoded.js]
[file/D_/dev/web_travel/public/form/ableproadmin.com/assets/js/plugins/feather.min.js]
[file/D_/dev/web_travel/public/form/ableproadmin.com/assets/js/plugins/ckeditor/classic/ckeditor.js]
[file/D_/dev/web_travel/public/form/ableproadmin.com/assets/fonts/tabler/tabler-icons.svg]
[file/D_/dev/web_travel/public/form/ableproadmin.com/assets/fonts/fontawesome/fa-regular-400.svg]
[file/D_/dev/web_travel/public/form/ableproadmin.com/assets/fonts/fontawesome/fa-solid-900.svg]
[file/D_/dev/web_travel/public/form/ableproadmin.com/assets/fonts/fontawesome/fa-brands-400.svg]
[file/D_/dev/web_travel/public/form/ableproadmin.com/assets/fonts/phosphor/duotone/style.css]
[file/D_/dev/web_travel/public/form/ableproadmin.com/assets/css/plugins/datepicker-bs5.min.css]
[file/D_/dev/web_travel/public/form/ableproadmin.com/assets/js/plugins/datepicker-full.min.js]
[file/D_/dev/web_travel/public/form/ableproadmin.com/assets/css/plugins/flatpickr.min.css]
[file/D_/dev/web_travel/public/form/ableproadmin.com/assets/js/plugins/flatpickr.min.js]
[file/D_/dev/web_travel/public/form/ableproadmin.com/assets/fonts/phosphor/duotone/Phosphor-Duotone.woff]
[file/D_/dev/web_travel/public/form/ableproadmin.com/assets/fonts/phosphor/duotone/Phosphor-Duotone.ttf]
[file/D_/dev/web_travel/public/form/ableproadmin.com/assets/js/plugins/choices.min.js]
[file/D_/dev/web_travel/public/form/ableproadmin.com/assets/css/plugins/star-rating.min.css]
[file/D_/dev/web_travel/public/form/ableproadmin.com/assets/js/plugins/star-rating.min.js]
[www.gstatic.com/recaptcha/releases/rz4DvU-cY2JYCwHSTck0_qm-/recaptcha__en.js]
[file/D_/dev/web_travel/public/form/www.google.com/recaptcha/api.js]
[file/D_/dev/web_travel/public/form/ableproadmin.com/assets/js/plugins/imask.min.js]
[file/D_/dev/web_travel/public/form/ableproadmin.com/assets/js/pages/form-masking-custom.js]
[file/D_/dev/web_travel/public/form/ableproadmin.com/assets/js/plugins/clipboard.min.js]
[file/D_/dev/web_travel/public/form/ableproadmin.com/assets/css/plugins/nouislider.min.css]
[file/D_/dev/web_travel/public/form/ableproadmin.com/assets/js/plugins/wNumb.min.js]
[file/D_/dev/web_travel/public/form/ableproadmin.com/assets/js/plugins/nouislider.min.js]
[file/D_/dev/web_travel/public/form/ableproadmin.com/assets/css/plugins/bootstrap-switch-button.min.css]
[file/D_/dev/web_travel/public/form/ableproadmin.com/assets/js/plugins/bootstrap-switch-button.min.js]
[file/D_/dev/web_travel/public/form/ableproadmin.com/assets/js/plugins/type-ahead.min.js]
[file/D_/dev/web_travel/public/form/ableproadmin.com/assets/js/plugins/tinymce/tinymce.min.js]
[file/D_/dev/web_travel/public/form/cdnjs.cloudflare.com/ajax/libs/highlight.js/9.12.0/styles/monokai-sublime.min.css]
[file/D_/dev/web_travel/public/form/ableproadmin.com/assets/css/plugins/quill.core.css]
[file/D_/dev/web_travel/public/form/ableproadmin.com/assets/css/plugins/quill.snow.css]
[file/D_/dev/web_travel/public/form/ableproadmin.com/assets/css/plugins/quill.bubble.css]
[file/D_/dev/web_travel/public/form/ableproadmin.com/assets/js/plugins/quill.min.js]
[file/D_/dev/web_travel/public/form/ableproadmin.com/assets/js/plugins/ckeditor/document/ckeditor.js]
[file/D_/dev/web_travel/public/form/ableproadmin.com/assets/js/plugins/ckeditor/inline/ckeditor.js]
[file/D_/dev/web_travel/public/form/ableproadmin.com/assets/js/plugins/ckeditor/balloon/ckeditor.js]
[file/D_/dev/web_travel/public/form/ableproadmin.com/assets/css/plugins/simplemde.min.css]
[file/D_/dev/web_travel/public/form/ableproadmin.com/assets/js/plugins/simplemde.min.js]
[file/D_/dev/web_travel/public/form/ableproadmin.com/assets/css/plugins/dropzone.min.css]
[file/D_/dev/web_travel/public/form/ableproadmin.com/assets/js/plugins/dropzone-amd-module.min.js]
[file/D_/dev/web_travel/public/form/ableproadmin.com/assets/css/plugins/uppy.min.css]
[file/D_/dev/web_travel/public/form/ableproadmin.com/assets/js/plugins/uppy.min.js]
[file/D_/dev/web_travel/public/form/ableproadmin.com/assets/js/plugins/wizard.min.js]
[file/D_/dev/web_travel/public/form/ableproadmin.com/assets/js/plugins/bouncer.min.js]
[file/D_/dev/web_travel/public/form/ableproadmin.com/assets/js/pages/form-validation.js]
[file/D_/dev/web_travel/public/form/ableproadmin.com/assets/css/plugins/croppr.min.css]
[file/D_/dev/web_travel/public/form/ableproadmin.com/assets/js/plugins/croppr.min.js]
[file/D_/dev/web_travel/public/form/ableproadmin.com/assets/js/pages/page-croper.js]
[file/D_/dev/web_travel/public/form/ableproadmin.com/assets/fonts/phosphor/duotone/Phosphor-Duotone.svg]
[file/D_/dev/web_travel/public/form/pt.wisernotify.com/pixel6d4c6d4c.js]
[maxcdn.bootstrapcdn.com/font-awesome/latest/css/font-awesome.min.css]
[maxcdn.bootstrapcdn.com/font-awesome/latest/css/font-awesome.min.css]
[file/D_/dev/web_travel/public/form/ableproadmin.com/assets/fonts/inter/Inter-roman.var32a832a8.woff2]
[file/D_/dev/web_travel/public/form/ableproadmin.com/assets/fonts/inter/Inter-italic.var32a832a8.woff2]
[file/D_/dev/web_travel/public/form/ableproadmin.com/assets/fonts/tabler/tabler-iconsd41dd41d.eot]
[file/D_/dev/web_travel/public/form/ableproadmin.com/assets/fonts/feather/feathere8abe8ab.eot]
[file/D_/dev/web_travel/public/form/ableproadmin.com/assets/fonts/feather/feathere8abe8ab.woff]
[file/D_/dev/web_travel/public/form/ableproadmin.com/assets/fonts/feather/feathere8abe8ab.ttf]
[file/D_/dev/web_travel/public/form/ableproadmin.com/assets/fonts/feather/feathere8abe8ab.svg]
[file/D_/dev/web_travel/public/form/ableproadmin.com/assets/fonts/fontawesome/fa-regular-400d41dd41d.eot]
[file/D_/dev/web_travel/public/form/ableproadmin.com/assets/fonts/fontawesome/fa-solid-900d41dd41d.eot]
[file/D_/dev/web_travel/public/form/ableproadmin.com/assets/fonts/fontawesome/fa-brands-400d41dd41d.eot]
[file/D_/dev/web_travel/public/form/ableproadmin.com/forms/node.js]
[file/D_/dev/web_travel/public/form/ableproadmin.com/mixins/_rounded.css]
[file/D_/dev/web_travel/public/form/ableproadmin.com/mixins/_focus.css]
[file/D_/dev/web_travel/public/form/ableproadmin.com/mixins/_shadow.css]
[file/D_/dev/web_travel/public/mixins/_focus.css]
[file/D_/dev/web_travel/public/mixins/_shadow.css]
[file/D_/dev/web_travel/public/mixins/_disabled.css]
[file/D_/dev/web_travel/public/mixins/_rounded.css]
[file/D_/dev/web_travel/public/form/mixins/_button.css]
[file/D_/dev/web_travel/public/form/ableproadmin.com/forms/applewebkit/index.html]
[file/D_/dev/web_travel/public/form/ableproadmin.com/forms/chrome/index.html]
[file/D_/dev/web_travel/public/form/ableproadmin.com/forms/edge/index.html]
[file/D_/dev/web_travel/public/form/ableproadmin.com/forms/mobile/index.html]
[file/D_/dev/web_travel/public/form/ableproadmin.com/forms/image/index.html]
[file/D_/dev/web_travel/public/form/ableproadmin.com/forms/blots/index.html]
[file/D_/dev/web_travel/public/form/ableproadmin.com/forms/formats/index.html]
[file/D_/dev/web_travel/public/form/ableproadmin.com/forms/ABCDEFGHIJKLMNOPQRSTUVWXYZabcdefghijklmnopqrstuvwxyz0123456789+/index.html]
[file/D_/dev/web_travel/public/form/ableproadmin.com/forms/GET]
[file/D_/dev/web_travel/public/form/ableproadmin.com/forms/codemirror/addon/edit/continuelist.js]
[file/D_/dev/web_travel/public/form/ableproadmin.com/forms/codemirror/addon/display/fullscreen.js]
[file/D_/dev/web_travel/public/form/ableproadmin.com/forms/codemirror/mode/markdown/markdown.js]
[file/D_/dev/web_travel/public/form/ableproadmin.com/forms/codemirror/addon/mode/overlay.js]
[file/D_/dev/web_travel/public/form/ableproadmin.com/forms/codemirror/addon/display/placeholder.js]
[file/D_/dev/web_travel/public/form/ableproadmin.com/forms/codemirror/addon/selection/mark-selection.js]
[file/D_/dev/web_travel/public/form/ableproadmin.com/forms/codemirror/mode/gfm/gfm.js]
[file/D_/dev/web_travel/public/form/ableproadmin.com/forms/codemirror/mode/xml/xml.js]
[file/D_/dev/web_travel/public/form/ableproadmin.com/forms/i]
[file/D_/dev/web_travel/public/form/ableproadmin.com/forms/`https_/${f}${y}`]
[file/D_/dev/web_travel/public/form/ableproadmin.com/forms/J0,`${this.opts.service}`]
[file/D_/dev/web_travel/public/form/ableproadmin.com/forms/e.assembly_ssl_url]
