[ableproadmin.com/forms/form_elements.html]
[backblue.gif]
[fade.gif]
[index.html]
[ableproadmin.com/assets/fonts/inter/inter.css]
[ableproadmin.com/assets/fonts/tabler-icons.min.css]
[ableproadmin.com/assets/fonts/feather.css]
[ableproadmin.com/assets/fonts/fontawesome.css]
[ableproadmin.com/assets/fonts/material.css]
[pt.wisernotify.com/pixel6d4c.js]
[ableproadmin.com/assets/css/style-preset.css]
[ableproadmin.com/assets/css/style.css]
[ableproadmin.com/assets/images/user/avatar-1.jpg]
[ableproadmin.com/forms/form_floating.html]
[ableproadmin.com/forms/form2_basic.html]
[ableproadmin.com/forms/form2_input_group.html]
[ableproadmin.com/forms/form2_checkbox.html]
[ableproadmin.com/forms/form2_radio.html]
[ableproadmin.com/forms/form2_switch.html]
[ableproadmin.com/forms/form2_megaoption.html]
[ableproadmin.com/forms/form2_datepicker.html]
[ableproadmin.com/forms/form2_daterangepicker.html]
[ableproadmin.com/forms/form2_timepicker.html]
[ableproadmin.com/forms/form2_choices.html]
[ableproadmin.com/forms/form2_rating.html]
[ableproadmin.com/forms/form2_recaptcha.html]
[ableproadmin.com/forms/form2_inputmask.html]
[ableproadmin.com/forms/form2_clipboard.html]
[ableproadmin.com/forms/form2_nouislider.html]
[ableproadmin.com/forms/form2_switchjs.html]
[ableproadmin.com/forms/form2_typeahead.html]
[ableproadmin.com/forms/form2_tinymce.html]
[ableproadmin.com/forms/form2_quill.html]
[ableproadmin.com/forms/editor-classic.html]
[ableproadmin.com/forms/editor-document.html]
[ableproadmin.com/forms/editor-inline.html]
[ableproadmin.com/forms/editor-balloon.html]
[ableproadmin.com/forms/form2_markdown.html]
[ableproadmin.com/forms/form2_lay-default.html]
[ableproadmin.com/forms/form2_lay-multicolumn.html]
[ableproadmin.com/forms/form2_lay-actionbars.html]
[ableproadmin.com/forms/form2_lay-stickyactionbars.html]
[ableproadmin.com/forms/file-upload.html]
[ableproadmin.com/forms/form2_flu-uppy.html]
[ableproadmin.com/forms/form2_wizard.html]
[ableproadmin.com/forms/form-validation.html]
[ableproadmin.com/forms/image_crop.html]
[ableproadmin.com/assets/images/user/avatar-2.jpg]
[ableproadmin.com/assets/images/layout/img-profile-card.jpg]
[ableproadmin.com/assets/images/user/avatar-3.jpg]
[ableproadmin.com/assets/images/user/avatar-4.jpg]
[ableproadmin.com/assets/images/user/avatar-5.jpg]
[ableproadmin.com/assets/images/layout/img-announcement-1.png]
[ableproadmin.com/assets/images/layout/img-announcement-2.png]
[ableproadmin.com/assets/images/layout/img-announcement-3.png]
[ableproadmin.com/assets/js/plugins/popper.min.js]
[ableproadmin.com/assets/js/plugins/simplebar.min.js]
[ableproadmin.com/assets/js/plugins/bootstrap.min.js]
[ableproadmin.com/assets/js/fonts/custom-font.js]
[ableproadmin.com/assets/js/pcoded.js]
[ableproadmin.com/forms/form_elements.html]
[ableproadmin.com/assets/js/plugins/feather.min.js]
[ableproadmin.com/assets/fonts/inter/Inter-roman.var32a8.woff2]
[ableproadmin.com/assets/fonts/inter/Inter-italic.var32a8.woff2]
[ableproadmin.com/assets/fonts/inter/inter.css]
[ableproadmin.com/assets/fonts/tabler/tabler-icons.woff2]
[ableproadmin.com/assets/fonts/tabler/tabler-iconsd41d.eot]
[ableproadmin.com/assets/fonts/tabler/tabler-icons.eot]
[ableproadmin.com/assets/fonts/tabler/tabler-icons.woff]
[ableproadmin.com/assets/fonts/tabler/tabler-icons.ttf]
[ableproadmin.com/assets/fonts/tabler-icons.min.css]
[ableproadmin.com/assets/fonts/feather/feathere8ab.eot]
[ableproadmin.com/assets/fonts/feather/feathere8ab.woff]
[ableproadmin.com/assets/fonts/tabler/tabler-icons.svg]
[ableproadmin.com/assets/fonts/feather/feathere8ab.ttf]
[ableproadmin.com/assets/fonts/feather.css]
[ableproadmin.com/assets/fonts/feather/feathere8ab.svg]
[ableproadmin.com/assets/fonts/fontawesome/fa-regular-400.eot]
[ableproadmin.com/assets/fonts/fontawesome/fa-regular-400d41d.eot]
[ableproadmin.com/assets/fonts/fontawesome/fa-regular-400.woff2]
[ableproadmin.com/assets/fonts/fontawesome/fa-regular-400.woff]
[ableproadmin.com/assets/fonts/fontawesome/fa-regular-400.ttf]
[ableproadmin.com/assets/fonts/fontawesome/fa-regular-400.svg]
[ableproadmin.com/assets/fonts/fontawesome/fa-solid-900.eot]
[ableproadmin.com/assets/fonts/fontawesome/fa-solid-900d41d.eot]
[ableproadmin.com/assets/fonts/fontawesome/fa-solid-900.woff2]
[ableproadmin.com/assets/fonts/fontawesome/fa-solid-900.woff]
[ableproadmin.com/assets/fonts/fontawesome/fa-solid-900.ttf]
[ableproadmin.com/assets/fonts/fontawesome/fa-brands-400.eot]
[ableproadmin.com/assets/fonts/fontawesome/fa-brands-400d41d.eot]
[ableproadmin.com/assets/fonts/fontawesome/fa-solid-900.svg]
[ableproadmin.com/assets/fonts/fontawesome/fa-brands-400.woff2]
[ableproadmin.com/assets/fonts/fontawesome/fa-brands-400.woff]
[ableproadmin.com/assets/fonts/fontawesome/fa-brands-400.ttf]
[ableproadmin.com/assets/fonts/fontawesome.css]
[ableproadmin.com/assets/fonts/fontawesome/fa-brands-400.svg]
[ableproadmin.com/assets/fonts/material/material.woff2]
[ableproadmin.com/assets/fonts/material.css]
[ableproadmin.com/assets/fonts/phosphor/duotone/style.css]
[ableproadmin.com/assets/images/authentication/img-auth-bg.jpg]
[ableproadmin.com/assets/images/pages/img-cunstruct-1-bg.png]
[ableproadmin.com/assets/images/application/img-cal-bg.jpg]
[ableproadmin.com/assets/css/style.css]
[ableproadmin.com/assets/css/style-preset.css]
[ableproadmin.com/forms/form_floating.html]
[ableproadmin.com/forms/form2_basic.html]
[ableproadmin.com/forms/form2_input_group.html]
[ableproadmin.com/forms/form2_checkbox.html]
[ableproadmin.com/forms/form2_radio.html]
[ableproadmin.com/forms/form2_switch.html]
[ableproadmin.com/forms/form2_megaoption.html]
[ableproadmin.com/assets/css/plugins/datepicker-bs5.min.css]
[ableproadmin.com/forms/form2_datepicker.html]
[ableproadmin.com/assets/js/plugins/datepicker-full.min.js]
[ableproadmin.com/assets/css/plugins/flatpickr.min.css]
[ableproadmin.com/forms/form2_daterangepicker.html]
[ableproadmin.com/forms/form2_timepicker.html]
[ableproadmin.com/assets/js/plugins/flatpickr.min.js]
[ableproadmin.com/forms/form2_choices.html]
[ableproadmin.com/assets/js/plugins/choices.min.js]
[ableproadmin.com/assets/css/plugins/star-rating.min.css]
[ableproadmin.com/forms/form2_rating.html]
[ableproadmin.com/assets/js/plugins/star-rating.min.js]
[www.google.com/recaptcha/api.js]
[ableproadmin.com/forms/form2_recaptcha.html]
[ableproadmin.com/forms/form2_inputmask.html]
[ableproadmin.com/forms/form2_clipboard.html]
[ableproadmin.com/assets/js/plugins/imask.min.js]
[ableproadmin.com/assets/css/plugins/nouislider.min.css]
[ableproadmin.com/assets/js/plugins/wNumb.min.js]
[ableproadmin.com/forms/form2_nouislider.html]
[ableproadmin.com/assets/js/plugins/nouislider.min.js]
[ableproadmin.com/assets/css/plugins/bootstrap-switch-button.min.css]
[ableproadmin.com/forms/form2_switchjs.html]
[ableproadmin.com/assets/js/plugins/bootstrap-switch-button.min.js]
[ableproadmin.com/forms/form2_typeahead.html]
[ableproadmin.com/assets/js/plugins/type-ahead.min.js]
[www.tiny.cloud/images/glyph-tinymce@2x.png]
[ableproadmin.com/forms/form2_tinymce.html]
[cdnjs.cloudflare.com/ajax/libs/highlight.js/9.12.0/styles/monokai-sublime.min.css]
[ableproadmin.com/assets/js/plugins/tinymce/tinymce.min.js]
[ableproadmin.com/assets/css/plugins/quill.core.css]
[ableproadmin.com/assets/css/plugins/quill.snow.css]
[ableproadmin.com/assets/css/plugins/quill.bubble.css]
[ableproadmin.com/forms/form2_quill.html]
[ckeditor.com/docs/ckeditor5/latest/assets/img/volcano.jpg]
[ableproadmin.com/assets/js/plugins/quill.min.js]
[ableproadmin.com/forms/editor-classic.html]
[ableproadmin.com/forms/editor-document.html]
[ckeditor.com/docs/ckeditor5/latest/assets/img/malta.jpg]
[ableproadmin.com/assets/js/plugins/ckeditor/classic/ckeditor.js]
[ableproadmin.com/assets/js/plugins/ckeditor/document/ckeditor.js]
[ableproadmin.com/forms/editor-inline.html]
[ableproadmin.com/forms/editor-balloon.html]
[ableproadmin.com/assets/js/plugins/ckeditor/inline/ckeditor.js]
[ableproadmin.com/assets/css/plugins/simplemde.min.css]
[ableproadmin.com/forms/form2_markdown.html]
[ableproadmin.com/forms/form2_lay-default.html]
[ableproadmin.com/forms/form2_lay-multicolumn.html]
[ableproadmin.com/forms/form2_lay-actionbars.html]
[ableproadmin.com/forms/form2_lay-stickyactionbars.html]
[ableproadmin.com/assets/js/plugins/simplemde.min.js]
[ableproadmin.com/assets/js/plugins/ckeditor/balloon/ckeditor.js]
[ableproadmin.com/assets/css/plugins/dropzone.min.css]
[ableproadmin.com/forms/file-upload.html]
[ableproadmin.com/assets/js/plugins/dropzone-amd-module.min.js]
[ableproadmin.com/assets/css/plugins/uppy.min.css]
[ableproadmin.com/forms/form2_flu-uppy.html]
[ableproadmin.com/assets/js/plugins/uppy.min.js]
[ableproadmin.com/assets/images/application/img-prod-3.jpg]
[ableproadmin.com/forms/form2_wizard.html]
[ableproadmin.com/assets/js/plugins/wizard.min.js]
[ableproadmin.com/assets/js/plugins/bouncer.min.js]
[ableproadmin.com/forms/form-validation.html]
[ableproadmin.com/assets/js/pages/form-validation.js]
[ableproadmin.com/assets/css/plugins/croppr.min.css]
[ableproadmin.com/assets/images/light-box/l1.jpg]
[ableproadmin.com/assets/js/plugins/croppr.min.js]
[ableproadmin.com/forms/image_crop.html]
[ableproadmin.com/assets/images/layout/img-announcement-4.png]
[ableproadmin.com/assets/js/pages/page-croper.js]
[ableproadmin.com/assets/fonts/tabler/tabler-icons.svg]
[ableproadmin.com/assets/fonts/feather/feathere8ab.svg]
[ableproadmin.com/assets/fonts/fontawesome/fa-regular-400.svg]
[ableproadmin.com/assets/fonts/fontawesome/fa-solid-900.svg]
[ableproadmin.com/assets/fonts/fontawesome/fa-brands-400.svg]
[ableproadmin.com/assets/fonts/phosphor/duotone/Phosphor-Duotone.woff]
[ableproadmin.com/assets/fonts/phosphor/duotone/Phosphor-Duotone.ttf]
[ableproadmin.com/assets/fonts/phosphor/duotone/style.css]
[ableproadmin.com/assets/css/plugins/datepicker-bs5.min.css]
[ableproadmin.com/assets/css/plugins/flatpickr.min.css]
[ableproadmin.com/assets/css/plugins/star-rating.min.css]
[ableproadmin.com/assets/css/plugins/nouislider.min.css]
[ableproadmin.com/assets/css/plugins/bootstrap-switch-button.min.css]
[cdnjs.cloudflare.com/ajax/libs/highlight.js/9.12.0/styles/monokai-sublime.min.css]
[ableproadmin.com/assets/css/plugins/quill.core.css]
[ableproadmin.com/assets/css/plugins/quill.snow.css]
[ableproadmin.com/assets/css/plugins/quill.bubble.css]
[ableproadmin.com/assets/css/plugins/simplemde.min.css]
[ableproadmin.com/assets/css/plugins/dropzone.min.css]
[ableproadmin.com/assets/css/plugins/uppy.min.css]
[ableproadmin.com/assets/css/plugins/croppr.min.css]
[ableproadmin.com/assets/fonts/phosphor/duotone/Phosphor-Duotone.svg]
[ableproadmin.com/assets/fonts/phosphor/duotone/Phosphor-Duotone.svg]
[ableproadmin.com/assets/js/plugins/clipboard.min.js]
[ableproadmin.com/assets/js/pages/form-masking-custom.js]
